// Jest Snapshot v1, https://goo.gl/fbAQLP

exports[`Auth render Auth snapshot 1`] = `
<View
  style={
    Object {
      "flex": 1,
    }
  }
>
  <RNCSafeAreaView
    onInsetsChange={[Function]}
    style={
      Object {
        "flex": 1,
      }
    }
  >
    <View
      onLayout={[Function]}
      style={
        Object {
          "flex": 1,
        }
      }
    >
      <View
        pointerEvents="box-none"
        style={
          Object {
            "bottom": 0,
            "left": 0,
            "position": "absolute",
            "right": 0,
            "top": 0,
          }
        }
      >
        <View
          accessibilityElementsHidden={false}
          closing={false}
          gestureVelocityImpact={0.3}
          importantForAccessibility="auto"
          onClose={[Function]}
          onGestureBegin={[Function]}
          onGestureCanceled={[Function]}
          onOpen={[Function]}
          onTransitionStart={[Function]}
          pointerEvents="box-none"
          style={
            Object {
              "bottom": 0,
              "left": 0,
              "position": "absolute",
              "right": 0,
              "top": 0,
            }
          }
          transitionSpec={
            Object {
              "close": Object {
                "animation": "spring",
                "config": Object {
                  "damping": 500,
                  "mass": 3,
                  "overshootClamping": true,
                  "restDisplacementThreshold": 0.01,
                  "restSpeedThreshold": 0.01,
                  "stiffness": 1000,
                },
              },
              "open": Object {
                "animation": "spring",
                "config": Object {
                  "damping": 500,
                  "mass": 3,
                  "overshootClamping": true,
                  "restDisplacementThreshold": 0.01,
                  "restSpeedThreshold": 0.01,
                  "stiffness": 1000,
                },
              },
            }
          }
        >
          <View
            pointerEvents="box-none"
            style={
              Object {
                "flex": 1,
                "marginTop": 64,
              }
            }
          >
            <View
              collapsable={false}
              onGestureHandlerEvent={[Function]}
              onGestureHandlerStateChange={[Function]}
              style={
                Object {
                  "flex": 1,
                  "transform": Array [
                    Object {
                      "translateX": 0,
                    },
                    Object {
                      "translateX": 0,
                    },
                  ],
                }
              }
            >
              <View
                pointerEvents="none"
                style={
                  Object {
                    "backgroundColor": "rgb(242, 242, 242)",
                    "bottom": 0,
                    "left": 0,
                    "position": "absolute",
                    "shadowColor": "#000",
                    "shadowOffset": Object {
                      "height": 1,
                      "width": -1,
                    },
                    "shadowOpacity": 0.3,
                    "shadowRadius": 5,
                    "top": 0,
                    "width": 3,
                  }
                }
              />
              <View
                style={
                  Array [
                    Object {
                      "flex": 1,
                      "overflow": "hidden",
                    },
                    Array [
                      Object {
                        "backgroundColor": "rgb(242, 242, 242)",
                      },
                      undefined,
                    ],
                  ]
                }
              >
                <View
                  style={
                    Object {
                      "flex": 1,
                      "flexDirection": "column-reverse",
                    }
                  }
                >
                  <View
                    style={
                      Object {
                        "flex": 1,
                      }
                    }
                  >
                    <View
                      onLayout={[Function]}
                      style={
                        Array [
                          Object {
                            "flex": 1,
                          },
                          Object {
                            "paddingBottom": 0,
                          },
                        ]
                      }
                    >
                      <View
                        style={
                          Object {
                            "alignItems": "center",
                            "height": 60,
                            "justifyContent": "center",
                          }
                        }
                      >
                        <Text
                          style={
                            Array [
                              Object {
                                "color": "#000000",
                                "fontFamily": "System",
                                "fontWeight": "400",
                                "textAlign": "left",
                              },
                              Array [
                                Object {
                                  "color": "rgba(0, 0, 0, 0.87)",
                                  "fontFamily": "System",
                                  "fontWeight": "500",
                                  "textAlign": "left",
                                  "writingDirection": "ltr",
                                },
                                Array [
                                  Object {
                                    "fontSize": 20,
                                    "letterSpacing": 0.15,
                                    "lineHeight": 30,
                                    "marginVertical": 2,
                                  },
                                  undefined,
                                ],
                                Array [
                                  Object {
                                    "fontSize": 20,
                                    "letterSpacing": 0.15,
                                    "lineHeight": 30,
                                    "marginVertical": 2,
                                  },
                                  undefined,
                                ],
                              ],
                            ]
                          }
                        >
                          
                        </Text>
                        <Text />
                      </View>
                      <View
                        style={
                          Object {
                            "marginHorizontal": 16,
                            "marginVertical": 8,
                          }
                        }
                      >
                        <View>
                          <View
                            pointerEvents="none"
                            style={
                              Array [
                                Object {
                                  "bottom": 0,
                                  "left": 0,
                                  "position": "absolute",
                                  "right": 0,
                                  "top": 6,
                                },
                                Object {
                                  "backgroundColor": "#f6f6f6",
                                  "borderColor": "rgba(0, 0, 0, 0.54)",
                                  "borderRadius": 4,
                                  "borderWidth": 1,
                                },
                              ]
                            }
                          />
                          <View
                            style={
                              Object {
                                "minHeight": 64,
                                "paddingBottom": 0,
                                "paddingTop": 8,
                              }
                            }
                          >
                            <TextInput
                              allowFontScaling={true}
                              editable={true}
                              multiline={false}
                              onBlur={[Function]}
                              onChangeText={[Function]}
                              onFocus={[Function]}
                              placeholderTextColor="rgba(0, 0, 0, 0.54)"
                              rejectResponderTermination={true}
                              selectionColor="#6200ee"
                              style={
                                Array [
                                  Object {
                                    "flexGrow": 1,
                                    "margin": 0,
                                    "paddingHorizontal": 14,
                                    "textAlign": "left",
                                    "zIndex": 1,
                                  },
                                  Object {
                                    "height": 56,
                                  },
                                  Object {
                                    "paddingBottom": 0,
                                    "paddingTop": 0,
                                  },
                                  Object {
                                    "color": "#000000",
                                    "fontFamily": "System",
                                    "fontSize": 16,
                                    "fontWeight": undefined,
                                    "textAlignVertical": "center",
                                  },
                                ]
                              }
                              testID="UserName"
                              underlineColorAndroid="transparent"
                            />
                          </View>
                        </View>
                      </View>
                      <View
                        style={
                          Object {
                            "marginHorizontal": 16,
                            "marginVertical": 8,
                          }
                        }
                      >
                        <View
                          style={Object {}}
                        >
                          <View>
                            <View
                              pointerEvents="none"
                              style={
                                Array [
                                  Object {
                                    "bottom": 0,
                                    "left": 0,
                                    "position": "absolute",
                                    "right": 0,
                                    "top": 6,
                                  },
                                  Object {
                                    "backgroundColor": "#f6f6f6",
                                    "borderColor": "rgba(0, 0, 0, 0.54)",
                                    "borderRadius": 4,
                                    "borderWidth": 1,
                                  },
                                ]
                              }
                            />
                            <View
                              style={
                                Object {
                                  "minHeight": 64,
                                  "paddingBottom": 0,
                                  "paddingTop": 8,
                                }
                              }
                            >
                              <TextInput
                                allowFontScaling={true}
                                editable={true}
                                multiline={false}
                                onBlur={[Function]}
                                onChangeText={[Function]}
                                onFocus={[Function]}
                                placeholderTextColor="rgba(0, 0, 0, 0.54)"
                                rejectResponderTermination={true}
                                secureTextEntry={true}
                                selectionColor="#6200ee"
                                style={
                                  Array [
                                    Object {
                                      "flexGrow": 1,
                                      "margin": 0,
                                      "paddingHorizontal": 14,
                                      "textAlign": "left",
                                      "zIndex": 1,
                                    },
                                    Object {
                                      "height": 56,
                                    },
                                    Object {
                                      "paddingBottom": 0,
                                      "paddingTop": 0,
                                    },
                                    Object {
                                      "color": "#000000",
                                      "fontFamily": "System",
                                      "fontSize": 16,
                                      "fontWeight": undefined,
                                      "textAlignVertical": "center",
                                    },
                                  ]
                                }
                                testID="Password"
                                underlineColorAndroid="transparent"
                              />
                            </View>
                          </View>
                        </View>
                        <Text />
                      </View>
                      <View
                        style={
                          Object {
                            "alignItems": "center",
                            "alignSelf": "center",
                            "backgroundColor": "rgba(0, 0, 0, 0.12)",
                            "borderColor": "transparent",
                            "borderRadius": 4,
                            "borderStyle": "solid",
                            "borderWidth": 0,
                            "elevation": 0,
                            "height": 50,
                            "justifyContent": "center",
                            "marginTop": 32,
                            "minWidth": 64,
                            "width": 200,
                          }
                        }
                      >
                        <View
                          accessibilityRole="button"
                          accessibilityStates={
                            Array [
                              "disabled",
                            ]
                          }
                          accessible={true}
                          focusable={true}
                          isTVSelectable={true}
                          onClick={[Function]}
                          onResponderGrant={[Function]}
                          onResponderMove={[Function]}
                          onResponderRelease={[Function]}
                          onResponderTerminate={[Function]}
                          onResponderTerminationRequest={[Function]}
                          onStartShouldSetResponder={[Function]}
                          style={
                            Array [
                              Object {
                                "overflow": "hidden",
                              },
                              Object {
                                "borderRadius": 4,
                              },
                            ]
                          }
                        >
                          <View
                            style={
                              Array [
                                Object {
                                  "alignItems": "center",
                                  "flexDirection": "row",
                                  "justifyContent": "center",
                                },
                                undefined,
                              ]
                            }
                          >
                            <Text
                              numberOfLines={1}
                              style={
                                Array [
                                  Object {
                                    "color": "#000000",
                                    "fontFamily": "System",
                                    "fontWeight": "400",
                                    "textAlign": "left",
                                  },
                                  Array [
                                    Object {
                                      "letterSpacing": 1,
                                      "marginHorizontal": 16,
                                      "marginVertical": 9,
                                      "textAlign": "center",
                                    },
                                    undefined,
                                    Object {
                                      "textTransform": "uppercase",
                                    },
                                    Object {
                                      "color": "rgba(0, 0, 0, 0.32)",
                                      "fontFamily": "System",
                                      "fontWeight": "500",
                                    },
                                    Object {
                                      "fontFamily": "System",
                                      "fontWeight": "500",
                                    },
                                    undefined,
                                  ],
                                ]
                              }
                            >
                              <Text
                                accessibilityHint="true"
                                style={
                                  Array [
                                    Object {
                                      "color": "#000000",
                                      "fontFamily": "System",
                                      "fontWeight": "400",
                                      "textAlign": "left",
                                    },
                                    undefined,
                                  ]
                                }
                                testID="Submit"
                              >
                                
                              </Text>
                            </Text>
                          </View>
                        </View>
                      </View>
                    </View>
                  </View>
                </View>
              </View>
            </View>
          </View>
        </View>
      </View>
    </View>
    <View
      pointerEvents="box-none"
      style={
        Object {
          "left": 0,
          "position": "absolute",
          "right": 0,
          "top": 0,
        }
      }
    >
      <View
        accessibilityElementsHidden={false}
        importantForAccessibility="auto"
        onLayout={[Function]}
        pointerEvents="box-none"
        style={null}
      >
        <View
          pointerEvents="none"
          style={
            Object {
              "bottom": 0,
              "left": 0,
              "opacity": 1,
              "position": "absolute",
              "right": 0,
              "top": 0,
            }
          }
        >
          <View
            style={
              Object {
                "backgroundColor": "rgb(255, 255, 255)",
                "borderBottomColor": "rgb(224, 224, 224)",
                "flex": 1,
                "shadowColor": "rgb(224, 224, 224)",
                "shadowOffset": Object {
                  "height": 0.5,
                  "width": 0,
                },
                "shadowOpacity": 0.85,
                "shadowRadius": 0,
              }
            }
          />
        </View>
        <View
          pointerEvents="box-none"
          style={
            Object {
              "height": 64,
              "maxHeight": undefined,
              "minHeight": undefined,
              "opacity": undefined,
              "transform": undefined,
            }
          }
        >
          <View
            pointerEvents="none"
            style={
              Object {
                "height": 20,
              }
            }
          />
          <View
            pointerEvents="box-none"
            style={
              Object {
                "alignItems": "center",
                "flex": 1,
                "flexDirection": "row",
                "justifyContent": "center",
              }
            }
          >
            <View
              pointerEvents="box-none"
              style={
                Object {
                  "marginHorizontal": 16,
                  "opacity": 1,
                }
              }
            >
              <Text
                accessibilityRole="header"
                numberOfLines={1}
                onLayout={[Function]}
                style={
                  Object {
                    "color": "rgb(28, 28, 30)",
                    "fontSize": 17,
                    "fontWeight": "600",
                  }
                }
              >
                MockedScreen
              </Text>
            </View>
          </View>
        </View>
      </View>
    </View>
  </RNCSafeAreaView>
</View>
`;
