// Jest Snapshot v1, https://goo.gl/fbAQLP

exports[`Home render Home snapshot 1`] = `
<View
  style={
    Object {
      "flex": 1,
    }
  }
>
  <RNCSafeAreaView
    onInsetsChange={[Function]}
    style={
      Object {
        "flex": 1,
      }
    }
  >
    <View
      onLayout={[Function]}
      style={
        Object {
          "flex": 1,
        }
      }
    >
      <View
        pointerEvents="box-none"
        style={
          Object {
            "bottom": 0,
            "left": 0,
            "position": "absolute",
            "right": 0,
            "top": 0,
          }
        }
      >
        <View
          accessibilityElementsHidden={false}
          closing={false}
          gestureVelocityImpact={0.3}
          importantForAccessibility="auto"
          onClose={[Function]}
          onGestureBegin={[Function]}
          onGestureCanceled={[Function]}
          onOpen={[Function]}
          onTransitionStart={[Function]}
          pointerEvents="box-none"
          style={
            Object {
              "bottom": 0,
              "left": 0,
              "position": "absolute",
              "right": 0,
              "top": 0,
            }
          }
          transitionSpec={
            Object {
              "close": Object {
                "animation": "spring",
                "config": Object {
                  "damping": 500,
                  "mass": 3,
                  "overshootClamping": true,
                  "restDisplacementThreshold": 0.01,
                  "restSpeedThreshold": 0.01,
                  "stiffness": 1000,
                },
              },
              "open": Object {
                "animation": "spring",
                "config": Object {
                  "damping": 500,
                  "mass": 3,
                  "overshootClamping": true,
                  "restDisplacementThreshold": 0.01,
                  "restSpeedThreshold": 0.01,
                  "stiffness": 1000,
                },
              },
            }
          }
        >
          <View
            pointerEvents="box-none"
            style={
              Object {
                "flex": 1,
              }
            }
          >
            <View
              collapsable={false}
              onGestureHandlerEvent={[Function]}
              onGestureHandlerStateChange={[Function]}
              style={
                Object {
                  "flex": 1,
                  "transform": Array [
                    Object {
                      "translateX": 0,
                    },
                    Object {
                      "translateX": 0,
                    },
                  ],
                }
              }
            >
              <View
                pointerEvents="none"
                style={
                  Object {
                    "backgroundColor": "rgb(242, 242, 242)",
                    "bottom": 0,
                    "left": 0,
                    "position": "absolute",
                    "shadowColor": "#000",
                    "shadowOffset": Object {
                      "height": 1,
                      "width": -1,
                    },
                    "shadowOpacity": 0.3,
                    "shadowRadius": 5,
                    "top": 0,
                    "width": 3,
                  }
                }
              />
              <View
                style={
                  Array [
                    Object {
                      "flex": 1,
                      "overflow": "hidden",
                    },
                    Array [
                      Object {
                        "backgroundColor": "rgb(242, 242, 242)",
                      },
                      undefined,
                    ],
                  ]
                }
              >
                <View
                  style={
                    Object {
                      "flex": 1,
                      "flexDirection": "column-reverse",
                    }
                  }
                >
                  <View
                    style={
                      Object {
                        "flex": 1,
                      }
                    }
                  >
                    <RCTScrollView
                      collapsable={false}
                      onGestureHandlerEvent={[Function]}
                      onGestureHandlerStateChange={[Function]}
                    >
                      <View>
                        <RCTSafeAreaView
                          emulateUnlessSupported={true}
                          style={
                            Object {
                              "flex": 1,
                            }
                          }
                        >
                          <View
                            style={
                              Object {
                                "flexDirection": "row",
                                "justifyContent": "space-between",
                                "marginHorizontal": 16,
                                "marginTop": 16,
                              }
                            }
                          >
                            <Text
                              style={
                                Array [
                                  Object {
                                    "color": "#000000",
                                    "fontFamily": "System",
                                    "fontWeight": "400",
                                    "textAlign": "left",
                                  },
                                  Array [
                                    Object {
                                      "color": "rgba(0, 0, 0, 0.87)",
                                      "fontFamily": "System",
                                      "fontWeight": "500",
                                      "textAlign": "left",
                                      "writingDirection": "ltr",
                                    },
                                    Array [
                                      Object {
                                        "fontSize": 20,
                                        "letterSpacing": 0.15,
                                        "lineHeight": 30,
                                        "marginVertical": 2,
                                      },
                                      undefined,
                                    ],
                                    Array [
                                      Object {
                                        "fontSize": 20,
                                        "letterSpacing": 0.15,
                                        "lineHeight": 30,
                                        "marginVertical": 2,
                                      },
                                      undefined,
                                    ],
                                  ],
                                ]
                              }
                            >
                              
                            </Text>
                          </View>
                          <View
                            accessible={true}
                            focusable={true}
                            isTVSelectable={true}
                            onClick={[Function]}
                            onResponderGrant={[Function]}
                            onResponderMove={[Function]}
                            onResponderRelease={[Function]}
                            onResponderTerminate={[Function]}
                            onResponderTerminationRequest={[Function]}
                            onStartShouldSetResponder={[Function]}
                            style={
                              Array [
                                false,
                                undefined,
                              ]
                            }
                            testID="UserLoginSection"
                          >
                            <View
                              style={
                                Object {
                                  "flexDirection": "row",
                                  "marginHorizontal": 16,
                                  "marginTop": -8,
                                  "paddingVertical": 8,
                                }
                              }
                            >
                              <Text
                                style={
                                  Array [
                                    Object {
                                      "color": "#000000",
                                      "fontFamily": "System",
                                      "fontWeight": "400",
                                      "textAlign": "left",
                                    },
                                    Array [
                                      Object {
                                        "color": "rgba(0, 0, 0, 0.54)",
                                        "fontFamily": "System",
                                        "fontWeight": "400",
                                        "textAlign": "left",
                                        "writingDirection": "ltr",
                                      },
                                      Array [
                                        Object {
                                          "fontSize": 12,
                                          "letterSpacing": 0.4,
                                          "lineHeight": 20,
                                          "marginVertical": 2,
                                        },
                                        undefined,
                                      ],
                                      Array [
                                        Object {
                                          "fontSize": 12,
                                          "letterSpacing": 0.4,
                                          "lineHeight": 20,
                                          "marginVertical": 2,
                                        },
                                        undefined,
                                      ],
                                    ],
                                  ]
                                }
                              >
                                
                              </Text>
                              <Text
                                style={
                                  Array [
                                    Object {
                                      "color": "#000000",
                                      "fontFamily": "System",
                                      "fontWeight": "400",
                                      "textAlign": "left",
                                    },
                                    Array [
                                      Object {
                                        "color": "rgba(0, 0, 0, 0.54)",
                                        "fontFamily": "System",
                                        "fontWeight": "400",
                                        "textAlign": "left",
                                        "writingDirection": "ltr",
                                      },
                                      Array [
                                        Object {
                                          "fontSize": 12,
                                          "letterSpacing": 0.4,
                                          "lineHeight": 20,
                                          "marginVertical": 2,
                                        },
                                        Object {
                                          "color": "#ff9900",
                                          "fontFamily": "System",
                                          "marginHorizontal": 4,
                                        },
                                      ],
                                      Array [
                                        Object {
                                          "fontSize": 12,
                                          "letterSpacing": 0.4,
                                          "lineHeight": 20,
                                          "marginVertical": 2,
                                        },
                                        Object {
                                          "color": "#ff9900",
                                          "fontFamily": "System",
                                          "marginHorizontal": 4,
                                        },
                                      ],
                                    ],
                                  ]
                                }
                              >
                                
                              </Text>
                              <Text
                                style={
                                  Array [
                                    Object {
                                      "color": "#000000",
                                      "fontFamily": "System",
                                      "fontWeight": "400",
                                      "textAlign": "left",
                                    },
                                    Array [
                                      Object {
                                        "color": "rgba(0, 0, 0, 0.54)",
                                        "fontFamily": "System",
                                        "fontWeight": "400",
                                        "textAlign": "left",
                                        "writingDirection": "ltr",
                                      },
                                      Array [
                                        Object {
                                          "fontSize": 12,
                                          "letterSpacing": 0.4,
                                          "lineHeight": 20,
                                          "marginVertical": 2,
                                        },
                                        undefined,
                                      ],
                                      Array [
                                        Object {
                                          "fontSize": 12,
                                          "letterSpacing": 0.4,
                                          "lineHeight": 20,
                                          "marginVertical": 2,
                                        },
                                        undefined,
                                      ],
                                    ],
                                  ]
                                }
                              >
                                
                              </Text>
                            </View>
                          </View>
                          <View
                            accessible={true}
                            focusable={true}
                            isTVSelectable={true}
                            onClick={[Function]}
                            onResponderGrant={[Function]}
                            onResponderMove={[Function]}
                            onResponderRelease={[Function]}
                            onResponderTerminate={[Function]}
                            onResponderTerminationRequest={[Function]}
                            onStartShouldSetResponder={[Function]}
                            style={
                              Array [
                                false,
                                Array [
                                  Object {
                                    "borderRadius": 23,
                                    "height": 45,
                                    "margin": 16,
                                  },
                                  Object {
                                    "backgroundColor": "#e2e2e2",
                                  },
                                ],
                              ]
                            }
                          >
                            <View
                              style={
                                Object {
                                  "alignItems": "center",
                                  "flex": 1,
                                  "flexDirection": "row",
                                  "justifyContent": "space-between",
                                  "paddingHorizontal": 16,
                                }
                              }
                            >
                              <Text
                                style={
                                  Array [
                                    Object {
                                      "color": "#000000",
                                      "fontFamily": "System",
                                      "fontWeight": "400",
                                      "textAlign": "left",
                                    },
                                    Object {
                                      "color": "gray",
                                    },
                                  ]
                                }
                              >
                                
                              </Text>
                              <Text />
                            </View>
                          </View>
                          <View
                            style={
                              Object {
                                "marginVertical": 8,
                              }
                            }
                          >
                            <RCTScrollView
                              disableVirtualization={false}
                              getItem={[Function]}
                              getItemCount={[Function]}
                              horizontal={true}
                              initialNumToRender={10}
                              keyExtractor={[Function]}
                              maxToRenderPerBatch={10}
                              numColumns={1}
                              onContentSizeChange={[Function]}
                              onEndReachedThreshold={2}
                              onLayout={[Function]}
                              onMomentumScrollEnd={[Function]}
                              onScroll={[Function]}
                              onScrollBeginDrag={[Function]}
                              onScrollEndDrag={[Function]}
                              pagingEnabled={true}
                              removeClippedSubviews={false}
                              renderItem={[Function]}
                              scrollEventThrottle={50}
                              showsHorizontalScrollIndicator={false}
                              stickyHeaderIndices={Array []}
                              style={
                                Object {
                                  "marginVertical": 8,
                                }
                              }
                              updateCellsBatchingPeriod={50}
                              viewabilityConfigCallbackPairs={Array []}
                              windowSize={21}
                            >
                              <View />
                            </RCTScrollView>
                          </View>
                          <View>
                            <Text
                              style={
                                Array [
                                  Object {
                                    "color": "#000000",
                                    "fontFamily": "System",
                                    "fontWeight": "400",
                                    "textAlign": "left",
                                  },
                                  Array [
                                    Object {
                                      "color": "rgba(0, 0, 0, 0.87)",
                                      "fontFamily": "System",
                                      "fontWeight": "500",
                                      "textAlign": "left",
                                      "writingDirection": "ltr",
                                    },
                                    Array [
                                      Object {
                                        "fontSize": 20,
                                        "letterSpacing": 0.15,
                                        "lineHeight": 30,
                                        "marginVertical": 2,
                                      },
                                      Object {
                                        "color": "gray",
                                        "fontSize": 16,
                                        "marginStart": 16,
                                      },
                                    ],
                                    Array [
                                      Object {
                                        "fontSize": 20,
                                        "letterSpacing": 0.15,
                                        "lineHeight": 30,
                                        "marginVertical": 2,
                                      },
                                      Object {
                                        "color": "gray",
                                        "fontSize": 16,
                                        "marginStart": 16,
                                      },
                                    ],
                                  ],
                                ]
                              }
                            >
                              
                            </Text>
                            <RCTScrollView
                              contentContainerStyle={
                                Object {
                                  "marginBottom": 32,
                                  "paddingHorizontal": 8,
                                }
                              }
                              disableVirtualization={false}
                              getItem={[Function]}
                              getItemCount={[Function]}
                              horizontal={true}
                              initialNumToRender={10}
                              keyExtractor={[Function]}
                              maxToRenderPerBatch={10}
                              numColumns={1}
                              onContentSizeChange={[Function]}
                              onEndReachedThreshold={2}
                              onLayout={[Function]}
                              onMomentumScrollEnd={[Function]}
                              onScroll={[Function]}
                              onScrollBeginDrag={[Function]}
                              onScrollEndDrag={[Function]}
                              removeClippedSubviews={false}
                              renderItem={[Function]}
                              scrollEventThrottle={50}
                              showsHorizontalScrollIndicator={false}
                              stickyHeaderIndices={Array []}
                              title=""
                              updateCellsBatchingPeriod={50}
                              viewabilityConfigCallbackPairs={Array []}
                              windowSize={21}
                            >
                              <View />
                            </RCTScrollView>
                          </View>
                          <View>
                            <Text
                              style={
                                Array [
                                  Object {
                                    "color": "#000000",
                                    "fontFamily": "System",
                                    "fontWeight": "400",
                                    "textAlign": "left",
                                  },
                                  Array [
                                    Object {
                                      "color": "rgba(0, 0, 0, 0.87)",
                                      "fontFamily": "System",
                                      "fontWeight": "500",
                                      "textAlign": "left",
                                      "writingDirection": "ltr",
                                    },
                                    Array [
                                      Object {
                                        "fontSize": 20,
                                        "letterSpacing": 0.15,
                                        "lineHeight": 30,
                                        "marginVertical": 2,
                                      },
                                      Object {
                                        "color": "gray",
                                        "fontSize": 16,
                                        "marginStart": 16,
                                      },
                                    ],
                                    Array [
                                      Object {
                                        "fontSize": 20,
                                        "letterSpacing": 0.15,
                                        "lineHeight": 30,
                                        "marginVertical": 2,
                                      },
                                      Object {
                                        "color": "gray",
                                        "fontSize": 16,
                                        "marginStart": 16,
                                      },
                                    ],
                                  ],
                                ]
                              }
                            >
                              
                            </Text>
                            <RCTScrollView
                              contentContainerStyle={
                                Object {
                                  "marginBottom": 32,
                                  "paddingHorizontal": 8,
                                }
                              }
                              disableVirtualization={false}
                              getItem={[Function]}
                              getItemCount={[Function]}
                              horizontal={true}
                              initialNumToRender={10}
                              keyExtractor={[Function]}
                              maxToRenderPerBatch={10}
                              numColumns={1}
                              onContentSizeChange={[Function]}
                              onEndReachedThreshold={2}
                              onLayout={[Function]}
                              onMomentumScrollEnd={[Function]}
                              onScroll={[Function]}
                              onScrollBeginDrag={[Function]}
                              onScrollEndDrag={[Function]}
                              removeClippedSubviews={false}
                              renderItem={[Function]}
                              scrollEventThrottle={50}
                              showsHorizontalScrollIndicator={false}
                              stickyHeaderIndices={Array []}
                              title=""
                              updateCellsBatchingPeriod={50}
                              viewabilityConfigCallbackPairs={Array []}
                              windowSize={21}
                            >
                              <View />
                            </RCTScrollView>
                          </View>
                        </RCTSafeAreaView>
                      </View>
                    </RCTScrollView>
                  </View>
                </View>
              </View>
            </View>
          </View>
        </View>
      </View>
    </View>
    <View
      pointerEvents="box-none"
      style={
        Object {
          "left": 0,
          "position": "absolute",
          "right": 0,
          "top": 0,
        }
      }
    >
      <View
        accessibilityElementsHidden={false}
        importantForAccessibility="auto"
        onLayout={[Function]}
        pointerEvents="box-none"
        style={null}
      />
    </View>
  </RNCSafeAreaView>
</View>
`;
